<html>
<body>
<pre>
<h1>µVision Build Log</h1>
<h2>Tool Versions:</h2>
IDE-Version: ¦ÌVision V5.28.0.0
Copyright (C) 2019 ARM Ltd and ARM Germany GmbH. All rights reserved.
License Information: 1 3214312616@qq.com, 1, LIC=----
 
Tool Versions:
Toolchain:       MDK-Lite  Version: 5.28.0.0
Toolchain Path:  C:\Keil_v5\ARM\ARMCC\Bin
C Compiler:      Armcc.exe V5.06 update 6 (build 750)
Assembler:       Armasm.exe V5.06 update 6 (build 750)
Linker/Locator:  ArmLink.exe V5.06 update 6 (build 750)
Library Manager: ArmAr.exe V5.06 update 6 (build 750)
Hex Converter:   FromElf.exe V5.06 update 6 (build 750)
CPU DLL:         SARMCM3.DLL V5.28.0.0
Dialog DLL:      DARMCM1.DLL V1.19.2.0
Target DLL:      STLink\ST-LINKIII-KEIL_SWO.dll V3.0.6.0
Dialog DLL:      TARMCM1.DLL V1.14.1.0
 
<h2>Project:</h2>
D:\BaiduNetdiskDownload\stm_new\stm\FS-Hi3861-Motor-Driver(Release)\MDK-ARM\FS-Hi3861-Motor-Driver.uvprojx
Project File Date:  11/12/2025

<h2>Output:</h2>
*** Using Compiler 'V5.06 update 6 (build 750)', folder: 'C:\Keil_v5\ARM\ARMCC\Bin'
Rebuild target 'FS-Hi3861-Motor-Driver'
assembling startup_stm32g030xx.s...
compiling tim.c...
compiling stm32g0xx_ll_dma.c...
compiling stm32g0xx_ll_rcc.c...
compiling stm32g0xx_hal_dma_ex.c...
compiling stm32g0xx_hal_rcc.c...
compiling cJSON.c...
..\Core\Src\cJSON.c(58): warning:  #1293-D: assignment in condition
      if (!(copy = (char*)cJSON_malloc(len))) return 0;
..\Core\Src\cJSON.c(359): warning:  #1293-D: assignment in condition
      while ((token=*ptr) && ++len) {
..\Core\Src\cJSON.c(478): warning:  #111-D: statement is unreachable
      return p.buffer;
..\Core\Src\cJSON.c(615): warning:  #1293-D: assignment in condition
          if (!(new_item=cJSON_New_Item())) return 0; 	/* memory fail */
..\Core\Src\cJSON.c(761): warning:  #1293-D: assignment in condition
          if (!(new_item=cJSON_New_Item()))	return 0; /* memory fail */
..\Core\Src\cJSON.c: 5 warnings, 0 errors
compiling i2c.c...
compiling main.c...
compiling stm32g0xx_hal_gpio.c...
compiling stm32g0xx_hal_msp.c...
compiling stm32g0xx_hal_flash_ex.c...
compiling gpio.c...
compiling stm32g0xx_hal_pwr.c...
compiling stm32g0xx_hal_i2c_ex.c...
compiling stm32g0xx_hal_rcc_ex.c...
compiling stm32g0xx_hal_flash.c...
compiling usart.c...
compiling stm32g0xx_it.c...
compiling dma.c...
compiling bsp_ina219.c...
compiling stm32g0xx_hal_pwr_ex.c...
compiling app_motor.c...
compiling stm32g0xx_hal_dma.c...
compiling stm32g0xx_hal.c...
compiling stm32g0xx_hal_cortex.c...
compiling stm32g0xx_hal_exti.c...
compiling stm32g0xx_hal_i2c.c...
compiling system_stm32g0xx.c...
compiling stm32g0xx_hal_uart_ex.c...
compiling stm32g0xx_hal_tim_ex.c...
compiling stm32g0xx_hal_tim.c...
compiling stm32g0xx_hal_uart.c...
linking...
Program Size: Code=30680 RO-data=580 RW-data=520 ZI-data=5280  
FromELF: creating hex file...
"FS-Hi3861-Motor-Driver\FS-Hi3861-Motor-Driver.axf" - 0 Error(s), 5 Warning(s).

<h2>Software Packages used:</h2>

Package Vendor: ARM
                http://www.keil.com/pack/ARM.CMSIS.5.5.1.pack
                ARM.CMSIS.5.5.1
                CMSIS (Cortex Microcontroller Software Interface Standard)
   * Component: CORE Version: 5.2.0

Package Vendor: Keil
                http://www.keil.com/pack/Keil.STM32G0xx_DFP.1.4.0.pack
                Keil.STM32G0xx_DFP.1.4.0
                STMicroelectronics STM32G0 Series Device Support

<h2>Collection of Component include folders:</h2>
  .\RTE\_FS-Hi3861-Motor-Driver
  C:\Users\32143\AppData\Local\Arm\Packs\ARM\CMSIS\5.5.1\CMSIS\Core\Include
  C:\Users\32143\AppData\Local\Arm\Packs\Keil\STM32G0xx_DFP\1.4.0\Drivers\CMSIS\Device\ST\STM32G0xx\Include

<h2>Collection of Component Files used:</h2>

   * Component: ARM::CMSIS:CORE:5.2.0
Build Time Elapsed:  00:00:03
</pre>
</body>
</html>
